[2026-03-31T20:51:32.958Z] [INFO] [main] ╔══════════════════════════════════════════╗
[2026-03-31T20:51:32.959Z] [INFO] [main] ║  Practice Fusion -> SubQDocs Import      ║
[2026-03-31T20:51:32.960Z] [INFO] [main] ╚══════════════════════════════════════════╝
[2026-03-31T20:51:33.744Z] [INFO] [main] Database connection successful
[2026-03-31T20:51:33.744Z] [INFO] [phase1/organization] Checking for existing organization...
[2026-03-31T20:51:33.754Z] [INFO] [phase1/organization] Organization already exists: id=7, name="Omeed Ahadiat Dermatology"
[2026-03-31T20:51:33.754Z] [INFO] [main] Loading existing ID maps from Phase 1, 2 & 3...
[2026-03-31T20:51:33.765Z] [INFO] [main] Loaded maps: 4439 patients, 2 providers, 10759 encounters, 562 lab orders, 2 facilities
[2026-03-31T20:51:33.765Z] [INFO] [main] ═══ PHASE 4: Documents & Billing ═══
[2026-03-31T20:51:33.766Z] [INFO] [phase4/labs] Starting labs import...
[2026-03-31T20:51:33.771Z] [INFO] [phase4/labs] Found 3 lab records
[2026-03-31T20:51:33.777Z] [INFO] [phase4/labs] Complete: 3 total, 3 imported, 0 updated, 0 skipped, 0 errored
[2026-03-31T20:51:33.777Z] [INFO] [phase4/labs] Backfilling lab_id on existing lab_orders...
[2026-03-31T20:51:34.015Z] [INFO] [phase4/labs] Backfilled lab_id on 539 lab orders
[2026-03-31T20:51:34.016Z] [INFO] [phase4/lab-specimens] Starting lab specimen import...
[2026-03-31T20:51:34.016Z] [INFO] [phase4/lab-specimens] Found 7 specimen records
[2026-03-31T20:51:34.026Z] [INFO] [phase4/lab-specimens] Complete: 7 total, 7 imported, 0 updated, 0 skipped, 0 errored
[2026-03-31T20:51:34.026Z] [INFO] [phase4/lab-result-documents] Starting lab result document import...
[2026-03-31T20:51:34.028Z] [INFO] [phase4/lab-result-documents] Found 781 lab result document records
[2026-03-31T20:51:34.028Z] [INFO] [phase4/lab-result-documents] 0 documents to upload, 781 skipped
[2026-03-31T20:51:34.028Z] [INFO] [phase4/lab-result-documents] Complete: 781 total, 0 imported, 0 updated, 781 skipped, 0 errored
[2026-03-31T20:51:34.028Z] [INFO] [phase4/lab-order-documents] Starting lab order document import...
[2026-03-31T20:51:34.029Z] [INFO] [phase4/lab-order-documents] Found 11 lab order document records
[2026-03-31T20:51:34.029Z] [INFO] [phase4/lab-order-documents] 11 documents to upload, 0 skipped
[2026-03-31T20:51:35.212Z] [INFO] [lib/s3-upload] Uploaded 10/11 files...
[2026-03-31T20:51:35.409Z] [INFO] [phase4/lab-order-documents] Complete: 11 total, 11 imported, 0 updated, 0 skipped, 0 errored
[2026-03-31T20:51:35.409Z] [INFO] [phase4/patient-documents] Starting patient document import...
[2026-03-31T20:51:35.410Z] [INFO] [phase4/patient-documents] Found 121 patient document records
[2026-03-31T20:51:35.411Z] [INFO] [phase4/patient-documents] 121 documents to upload, 0 skipped
[2026-03-31T20:51:39.559Z] [INFO] [lib/s3-upload] Uploaded 10/121 files...
[2026-03-31T20:51:42.362Z] [INFO] [lib/s3-upload] Uploaded 20/121 files...
[2026-03-31T20:51:43.314Z] [INFO] [lib/s3-upload] Uploaded 30/121 files...
[2026-03-31T20:51:44.098Z] [INFO] [lib/s3-upload] Uploaded 40/121 files...
[2026-03-31T20:51:44.693Z] [INFO] [lib/s3-upload] Uploaded 50/121 files...
[2026-03-31T20:51:45.453Z] [INFO] [lib/s3-upload] Uploaded 60/121 files...
[2026-03-31T20:51:46.116Z] [INFO] [lib/s3-upload] Uploaded 70/121 files...
[2026-03-31T20:51:46.720Z] [INFO] [lib/s3-upload] Uploaded 80/121 files...
[2026-03-31T20:51:47.417Z] [INFO] [lib/s3-upload] Uploaded 90/121 files...
[2026-03-31T20:51:48.008Z] [INFO] [lib/s3-upload] Uploaded 100/121 files...
[2026-03-31T20:51:48.767Z] [INFO] [lib/s3-upload] Uploaded 110/121 files...
[2026-03-31T20:51:49.528Z] [INFO] [lib/s3-upload] Uploaded 120/121 files...
[2026-03-31T20:51:50.064Z] [INFO] [phase4/patient-documents] Complete: 121 total, 121 imported, 0 updated, 0 skipped, 0 errored
[2026-03-31T20:51:50.065Z] [INFO] [phase4/superbills] Starting superbills import...
[2026-03-31T20:51:50.066Z] [INFO] [phase4/superbills] Pre-loaded diagnoses for 26 bills
[2026-03-31T20:51:50.069Z] [INFO] [phase4/superbills] Found 42 superbill records
[2026-03-31T20:51:50.071Z] [INFO] [phase4/superbills] Found 42 existing bills
[2026-03-31T20:51:50.164Z] [INFO] [phase4/superbills] Complete: 42 total, 41 imported, 1 updated, 0 skipped, 0 errored
[2026-03-31T20:51:50.164Z] [INFO] [phase4/superbill-procedures] Starting superbill procedures import...
[2026-03-31T20:51:50.165Z] [INFO] [phase4/superbill-procedures] Pre-loaded diagnosis pointers for 27 procedures
[2026-03-31T20:51:50.165Z] [INFO] [phase4/superbill-procedures] Found 27 superbill procedure records
[2026-03-31T20:51:50.167Z] [INFO] [phase4/superbill-procedures] Found 27 existing bill services
[2026-03-31T20:51:50.204Z] [INFO] [phase4/superbill-procedures] Complete: 27 total, 27 imported, 0 updated, 0 skipped, 0 errored
[2026-03-31T20:51:50.204Z] [INFO] [phase4/update-bill-totals] Updating bill totals from services...
[2026-03-31T20:51:50.207Z] [INFO] [phase4/update-bill-totals] Updated totals for 41 bills
[2026-03-31T20:51:50.207Z] [INFO] [main] ═══ PHASE 4 COMPLETE ═══
[2026-03-31T20:51:50.208Z] [INFO] [main] ╔══════════════════════════════════════════╗
[2026-03-31T20:51:50.208Z] [INFO] [main] ║  IMPORT COMPLETE                         ║
[2026-03-31T20:51:50.208Z] [INFO] [main] ╚══════════════════════════════════════════╝
