[2026-04-02T01:37:38.085Z] [INFO] [main] ╔══════════════════════════════════════════╗
[2026-04-02T01:37:38.087Z] [INFO] [main] ║  Practice Fusion -> SubQDocs Import      ║
[2026-04-02T01:37:38.087Z] [INFO] [main] ╚══════════════════════════════════════════╝
[2026-04-02T01:37:38.877Z] [INFO] [main] Database connection successful
[2026-04-02T01:37:38.878Z] [INFO] [phase1/organization] Checking for existing organization...
[2026-04-02T01:37:38.887Z] [INFO] [phase1/organization] Organization already exists: id=7, name="Omeed Ahadiat Dermatology"
[2026-04-02T01:37:38.887Z] [INFO] [main] Loading existing ID maps from Phase 1 & 2...
[2026-04-02T01:37:38.900Z] [INFO] [main] Loaded maps: 4439 patients, 2 providers, 10759 encounters, 562 lab orders
[2026-04-02T01:37:38.900Z] [INFO] [main] ═══ PHASE 3: Config & Clinical Enrichment ═══
[2026-04-02T01:37:38.901Z] [INFO] [phase3/visit-types] Starting visit types import...
[2026-04-02T01:37:38.904Z] [INFO] [phase3/visit-types] Visit type "Follow-up Visit" already exists (id=85)
[2026-04-02T01:37:38.905Z] [INFO] [phase3/visit-types] Visit type "General" already exists (id=86)
[2026-04-02T01:37:38.906Z] [INFO] [phase3/visit-types] Visit type "Evaluation of Skin Lesion" already exists (id=87)
[2026-04-02T01:37:38.907Z] [INFO] [phase3/visit-types] Visit type "Acne Evaluation" already exists (id=88)
[2026-04-02T01:37:38.909Z] [INFO] [phase3/visit-types] Visit type "Rash" already exists (id=89)
[2026-04-02T01:37:38.910Z] [INFO] [phase3/visit-types] Visit type "Hair Loss (Alopecia)" already exists (id=90)
[2026-04-02T01:37:38.912Z] [INFO] [phase3/visit-types] Visit type "Warts (Verruca)" already exists (id=91)
[2026-04-02T01:37:38.913Z] [INFO] [phase3/visit-types] Visit type "Molluscum" already exists (id=92)
[2026-04-02T01:37:38.915Z] [INFO] [phase3/visit-types] Visit type "Skin Infection" already exists (id=93)
[2026-04-02T01:37:38.916Z] [INFO] [phase3/visit-types] Visit type "Cosmetic Treatment" already exists (id=94)
[2026-04-02T01:37:38.917Z] [INFO] [phase3/visit-types] Visit type "Skin Cancer Screening (Full Body Skin Exam)" already exists (id=95)
[2026-04-02T01:37:38.918Z] [INFO] [phase3/visit-types] Visit type "Discoloration (Vitiligo)" already exists (id=96)
[2026-04-02T01:37:38.919Z] [INFO] [phase3/visit-types] Visit type "Discoloration (Hyperigmentation / Melasma)" already exists (id=97)
[2026-04-02T01:37:38.920Z] [INFO] [phase3/visit-types] Visit type "Nail Disorder" already exists (id=98)
[2026-04-02T01:37:38.920Z] [INFO] [phase3/visit-types] Complete: 14 total, 0 imported, 14 updated, 0 skipped, 0 errored
[2026-04-02T01:37:38.920Z] [INFO] [phase3/global-questions] Starting global questions import...
[2026-04-02T01:37:38.923Z] [INFO] [phase3/global-questions] Question "What brings you in today?" already exists (id=52)
[2026-04-02T01:37:38.924Z] [INFO] [phase3/global-questions] Question "Do you have any other medical conditions (diabetes, psoriasis, etc.)?" already exists (id=53)
[2026-04-02T01:37:38.924Z] [INFO] [phase3/global-questions] Question "Are you currently taking any medications?" already exists (id=54)
[2026-04-02T01:37:38.925Z] [INFO] [phase3/global-questions] Question "Do you have any known allergies?" already exists (id=55)
[2026-04-02T01:37:38.926Z] [INFO] [phase3/global-questions] Question "Are you currently pregnant or breastfeeding?" already exists (id=56)
[2026-04-02T01:37:38.927Z] [INFO] [phase3/global-questions] Question "Do you have a history of skin cancer? If yes, what kind?" already exists (id=57)
[2026-04-02T01:37:38.928Z] [INFO] [phase3/global-questions] Question "Do you have a history of immunosuppression?" already exists (id=58)
[2026-04-02T01:37:38.929Z] [INFO] [phase3/global-questions] Question "Do you have a pacemaker?" already exists (id=59)
[2026-04-02T01:37:38.929Z] [INFO] [phase3/global-questions] Question "Do you have any joint replacements?" already exists (id=60)
[2026-04-02T01:37:38.930Z] [INFO] [phase3/global-questions] Complete: 9 total, 0 imported, 9 updated, 0 skipped, 0 errored
[2026-04-02T01:37:39.003Z] [INFO] [lookup-maps] Built diagnosis lookup: 22743 entries
[2026-04-02T01:37:39.042Z] [INFO] [lookup-maps] Built medication lookup: 5921 entries
[2026-04-02T01:37:39.042Z] [INFO] [phase3/encounter-events] Starting encounter events import...
[2026-04-02T01:37:39.370Z] [INFO] [phase3/encounter-events] Parsed events: 0 encounters with vitals, 10759 with other events
[2026-04-02T01:37:56.099Z] [INFO] [phase3/encounter-events] Complete: 53796 total, 10759 imported, 0 updated, 0 skipped, 0 errored
[2026-04-02T01:37:56.099Z] [INFO] [phase3/encounter-diagnoses] Starting encounter-diagnoses link import...
[2026-04-02T01:37:56.168Z] [INFO] [phase3/encounter-diagnoses] Found 41697 encounter-diagnosis links
[2026-04-02T01:37:56.191Z] [INFO] [phase3/encounter-diagnoses] Grouped diagnoses for 10074 encounters (0 skipped)
[2026-04-02T01:38:12.371Z] [INFO] [phase3/encounter-diagnoses] Complete: 41697 total, 10074 imported, 0 updated, 0 skipped, 0 errored
[2026-04-02T01:38:12.371Z] [INFO] [phase3/encounter-addendums] Starting encounter addendums import...
[2026-04-02T01:38:12.373Z] [INFO] [phase3/encounter-addendums] Found 144 addendum records
[2026-04-02T01:38:12.374Z] [INFO] [phase3/encounter-addendums] Grouped addendums for 139 encounters
[2026-04-02T01:38:12.629Z] [INFO] [phase3/encounter-addendums] Complete: 144 total, 139 imported, 0 updated, 0 skipped, 0 errored
[2026-04-02T01:38:12.629Z] [INFO] [phase3/encounter-observations] Starting encounter observations import...
[2026-04-02T01:38:12.630Z] [INFO] [phase3/encounter-observations] Found 120 observation records
[2026-04-02T01:38:12.630Z] [INFO] [phase3/encounter-observations] Grouped observations for 40 encounters
[2026-04-02T01:38:12.724Z] [INFO] [phase3/encounter-observations] Complete: 120 total, 40 imported, 0 updated, 0 skipped, 0 errored
[2026-04-02T01:38:12.725Z] [INFO] [phase3/encounter-medications] Starting encounter-medications link import...
[2026-04-02T01:38:12.766Z] [INFO] [phase3/encounter-medications] Found 5746 encounter-medication links
[2026-04-02T01:38:12.769Z] [INFO] [phase3/encounter-medications] Grouped medications for 3440 encounters
[2026-04-02T01:38:18.351Z] [INFO] [phase3/encounter-medications] Complete: 5746 total, 3440 imported, 0 updated, 20 skipped, 0 errored
[2026-04-02T01:38:18.352Z] [INFO] [phase3/health-concerns] Starting health concerns import...
[2026-04-02T01:38:18.352Z] [INFO] [phase3/health-concerns] Found 24 health concern records
[2026-04-02T01:38:18.352Z] [INFO] [phase3/health-concerns] Grouped concerns for 24 patients
[2026-04-02T01:38:18.406Z] [INFO] [phase3/health-concerns] Complete: 24 total, 24 imported, 0 updated, 0 skipped, 0 errored
[2026-04-02T01:38:18.406Z] [INFO] [phase3/med-history] Starting medical history import...
[2026-04-02T01:38:18.407Z] [INFO] [phase3/med-history] Found 11 med history records
[2026-04-02T01:38:18.407Z] [INFO] [phase3/med-history] Grouped history for 7 patients
[2026-04-02T01:38:18.423Z] [INFO] [phase3/med-history] Complete: 11 total, 7 imported, 0 updated, 0 skipped, 0 errored
[2026-04-02T01:38:18.423Z] [INFO] [phase3/patient-conditions] Starting patient conditions import...
[2026-04-02T01:38:18.424Z] [INFO] [phase3/patient-conditions] Found 4 condition records
[2026-04-02T01:38:18.432Z] [INFO] [phase3/patient-conditions] Complete: 4 total, 0 imported, 0 updated, 4 skipped, 0 errored
[2026-04-02T01:38:18.432Z] [INFO] [phase3/pinned-notes] Starting pinned notes import...
[2026-04-02T01:38:18.433Z] [INFO] [phase3/pinned-notes] Found 6 pinned note records
[2026-04-02T01:38:18.433Z] [INFO] [phase3/pinned-notes] Grouped pinned notes for 6 patients
[2026-04-02T01:38:18.442Z] [INFO] [phase3/pinned-notes] Complete: 6 total, 6 imported, 0 updated, 0 skipped, 0 errored
[2026-04-02T01:38:18.442Z] [INFO] [phase3/lab-result-notes] Starting lab result notes import...
[2026-04-02T01:38:18.444Z] [INFO] [phase3/lab-result-notes] Found 557 lab result notes
[2026-04-02T01:38:18.474Z] [INFO] [phase3/lab-result-notes] Collected notes for 498 patients (557 result notes, 15941 observation notes)
[2026-04-02T01:38:18.844Z] [WARN] [phase3/lab-result-notes] 402 patients had result notes but no lab orders in SubQDocs
[2026-04-02T01:38:18.845Z] [INFO] [phase3/lab-result-notes] Complete: 498 total, 96 imported, 0 updated, 475 skipped, 0 errored
[2026-04-02T01:38:18.845Z] [INFO] [phase3/lab-order-diagnoses] Starting lab order item diagnoses import...
[2026-04-02T01:38:18.848Z] [INFO] [phase3/lab-order-diagnoses] Found 1949 lab order item diagnosis records
[2026-04-02T01:38:18.849Z] [INFO] [phase3/lab-order-diagnoses] Grouped diagnoses for 535 lab orders
[2026-04-02T01:38:19.503Z] [INFO] [phase3/lab-order-diagnoses] Complete: 1949 total, 535 imported, 0 updated, 0 skipped, 0 errored
[2026-04-02T01:38:19.504Z] [INFO] [main] ═══ PHASE 3 COMPLETE ═══
[2026-04-02T01:38:19.504Z] [INFO] [main] ╔══════════════════════════════════════════╗
[2026-04-02T01:38:19.504Z] [INFO] [main] ║  IMPORT COMPLETE                         ║
[2026-04-02T01:38:19.504Z] [INFO] [main] ╚══════════════════════════════════════════╝
