[2026-03-31T19:40:54.144Z] [INFO] [main] ╔══════════════════════════════════════════╗
[2026-03-31T19:40:54.146Z] [INFO] [main] ║  Practice Fusion -> SubQDocs Import      ║
[2026-03-31T19:40:54.146Z] [INFO] [main] ╚══════════════════════════════════════════╝
[2026-03-31T19:40:54.985Z] [INFO] [main] Database connection successful
[2026-03-31T19:40:54.985Z] [INFO] [main] ═══ PHASE 1: Core Data ═══
[2026-03-31T19:40:54.986Z] [INFO] [phase1/organization] Checking for existing organization...
[2026-03-31T19:40:55.003Z] [INFO] [phase1/organization] Organization already exists: id=7, name="Omeed Ahadiat Dermatology"
[2026-03-31T19:40:55.003Z] [INFO] [phase1/facilities] Starting facilities import...
[2026-03-31T19:40:55.006Z] [INFO] [phase1/facilities] Found 2 facilities in TSV
[2026-03-31T19:40:55.013Z] [INFO] [phase1/facilities] Facility "Omeed Ahadiat - Foothill Ranch" already exists (id=7)
[2026-03-31T19:40:55.014Z] [INFO] [phase1/facilities] Facility "Omeed Ahadiat - Leisure World" already exists (id=8)
[2026-03-31T19:40:55.015Z] [INFO] [phase1/facilities] Complete: 2 total, 0 imported, 2 updated, 0 skipped, 0 errored
[2026-03-31T19:40:55.015Z] [INFO] [phase1/providers] Starting providers import...
[2026-03-31T19:40:55.017Z] [INFO] [phase1/providers] Found 2 providers, 2 profiles, 2 users
[2026-03-31T19:40:55.028Z] [INFO] [phase1/providers] Provider "Omeed Ahadiat" already exists (id=9)
[2026-03-31T19:40:55.030Z] [INFO] [phase1/providers] Provider "Maria Ruiz" already exists (id=10)
[2026-03-31T19:40:55.031Z] [INFO] [phase1/providers] Complete: 2 total, 0 imported, 2 updated, 0 skipped, 0 errored
[2026-03-31T19:40:55.036Z] [INFO] [phase1/patients] Starting patients import...
[2026-03-31T19:40:55.082Z] [INFO] [phase1/patients] Soft-deleting inactive patients...
[2026-03-31T19:40:55.149Z] [INFO] [phase1/patients] Soft-deleted 6 inactive patients
[2026-03-31T19:40:55.151Z] [INFO] [phase1/patients] Complete: 4439 total, 0 imported, 4439 updated, 0 skipped, 0 errored
[2026-03-31T19:40:55.151Z] [INFO] [phase1/demographics] Starting patient race & ethnicity import...
[2026-03-31T19:40:55.159Z] [INFO] [phase1/demographics] Found 4439 race records
[2026-03-31T19:41:01.881Z] [INFO] [phase1/demographics] Race: 4439 updated, 0 skipped
[2026-03-31T19:41:01.887Z] [INFO] [phase1/demographics] Found 4439 ethnicity records
[2026-03-31T19:41:07.803Z] [INFO] [phase1/demographics] Ethnicity: 4439 updated, 0 skipped
[2026-03-31T19:41:07.803Z] [INFO] [phase1/pharmacies] Starting pharmacies import...
[2026-03-31T19:41:07.805Z] [INFO] [phase1/pharmacies] Loaded 596 pharmacies into lookup
[2026-03-31T19:41:07.807Z] [INFO] [phase1/pharmacies] Found 2471 patient-pharmacy links
[2026-03-31T19:41:07.815Z] [INFO] [phase1/pharmacies] Loaded 2471 existing pharmacy records
[2026-03-31T19:41:07.820Z] [INFO] [phase1/pharmacies] Complete: 2471 total, 0 imported, 2471 updated, 0 skipped, 0 errored
[2026-03-31T19:41:07.820Z] [INFO] [phase1/user-office-locations] Starting user-office-locations import...
[2026-03-31T19:41:07.827Z] [INFO] [phase1/user-office-locations] Link user=9 -> office=7 already exists
[2026-03-31T19:41:07.828Z] [INFO] [phase1/user-office-locations] Link user=9 -> office=8 already exists
[2026-03-31T19:41:07.829Z] [INFO] [phase1/user-office-locations] Link user=10 -> office=7 already exists
[2026-03-31T19:41:07.830Z] [INFO] [phase1/user-office-locations] Link user=10 -> office=8 already exists
[2026-03-31T19:41:07.830Z] [INFO] [phase1/user-office-locations] Complete: 4 total, 0 imported, 4 updated, 0 skipped, 0 errored
[2026-03-31T19:41:07.830Z] [INFO] [main] ═══ PHASE 1 COMPLETE ═══
[2026-03-31T19:41:07.830Z] [INFO] [main] ═══ PHASE 2: Medical History ═══
[2026-03-31T19:41:07.830Z] [INFO] [phase2/medications] Starting medications import...
[2026-03-31T19:41:07.846Z] [INFO] [phase2/medications] Loaded 5825 existing medication records
[2026-03-31T19:41:07.882Z] [INFO] [phase2/medications] Complete: 5921 total, 0 imported, 5921 updated, 0 skipped, 0 errored
[2026-03-31T19:41:07.889Z] [INFO] [phase2/encounters] Starting encounters import...
[2026-03-31T19:41:07.903Z] [INFO] [phase2/encounters] Batch 0: processed (0 imported so far)
[2026-03-31T19:41:07.914Z] [INFO] [phase2/encounters] Batch 1: processed (0 imported so far)
[2026-03-31T19:41:07.922Z] [INFO] [phase2/encounters] Batch 2: processed (0 imported so far)
[2026-03-31T19:41:07.930Z] [INFO] [phase2/encounters] Batch 3: processed (0 imported so far)
[2026-03-31T19:41:07.938Z] [INFO] [phase2/encounters] Batch 4: processed (0 imported so far)
[2026-03-31T19:41:07.956Z] [INFO] [phase2/encounters] Batch 5: processed (0 imported so far)
[2026-03-31T19:41:07.964Z] [INFO] [phase2/encounters] Batch 6: processed (0 imported so far)
[2026-03-31T19:41:07.974Z] [INFO] [phase2/encounters] Batch 7: processed (0 imported so far)
[2026-03-31T19:41:07.981Z] [INFO] [phase2/encounters] Batch 8: processed (0 imported so far)
[2026-03-31T19:41:07.992Z] [INFO] [phase2/encounters] Batch 9: processed (0 imported so far)
[2026-03-31T19:41:08.005Z] [INFO] [phase2/encounters] Batch 10: processed (0 imported so far)
[2026-03-31T19:41:08.016Z] [INFO] [phase2/encounters] Batch 11: processed (0 imported so far)
[2026-03-31T19:41:08.024Z] [INFO] [phase2/encounters] Batch 12: processed (0 imported so far)
[2026-03-31T19:41:08.037Z] [INFO] [phase2/encounters] Batch 13: processed (0 imported so far)
[2026-03-31T19:41:08.045Z] [INFO] [phase2/encounters] Batch 14: processed (0 imported so far)
[2026-03-31T19:41:08.057Z] [INFO] [phase2/encounters] Batch 15: processed (0 imported so far)
[2026-03-31T19:41:08.065Z] [INFO] [phase2/encounters] Batch 16: processed (0 imported so far)
[2026-03-31T19:41:08.078Z] [INFO] [phase2/encounters] Batch 17: processed (0 imported so far)
[2026-03-31T19:41:08.087Z] [INFO] [phase2/encounters] Batch 18: processed (0 imported so far)
[2026-03-31T19:41:08.095Z] [INFO] [phase2/encounters] Batch 19: processed (0 imported so far)
[2026-03-31T19:41:08.110Z] [INFO] [phase2/encounters] Batch 20: processed (0 imported so far)
[2026-03-31T19:41:08.116Z] [INFO] [phase2/encounters] Batch 21: processed (0 imported so far)
[2026-03-31T19:41:08.120Z] [INFO] [phase2/encounters] Complete: 10759 total, 0 imported, 10759 updated, 0 skipped, 0 errored
[2026-03-31T19:41:08.120Z] [INFO] [phase2/diagnoses] Starting diagnoses import...
[2026-03-31T19:41:08.200Z] [INFO] [phase2/diagnoses] Found 22743 diagnosis records
[2026-03-31T19:41:08.241Z] [INFO] [phase2/diagnoses] Parsed 22743 diagnoses for 4180 patients (0 skipped)
[2026-03-31T19:41:10.542Z] [INFO] [phase2/diagnoses] Complete: 22743 total, 4180 imported, 0 updated, 0 skipped, 0 errored
[2026-03-31T19:41:10.542Z] [INFO] [phase2/prescriptions] Starting prescriptions import...
[2026-03-31T19:41:10.555Z] [INFO] [phase2/prescriptions] Loaded 9521 existing prescription records
[2026-03-31T19:41:10.617Z] [INFO] [phase2/prescriptions] Complete: 9521 total, 0 imported, 9521 updated, 0 skipped, 0 errored
[2026-03-31T19:41:10.617Z] [INFO] [phase2/lab-orders] Starting lab orders import...
[2026-03-31T19:41:10.624Z] [INFO] [phase2/lab-orders] Loaded 1857 lab order items for 539 orders
[2026-03-31T19:41:10.711Z] [INFO] [phase2/lab-orders] Loaded 13540 observations for 761 results
[2026-03-31T19:41:10.716Z] [INFO] [phase2/lab-orders] Found 562 lab orders
[2026-03-31T19:41:10.725Z] [INFO] [phase2/lab-orders] Found 562 existing lab orders
[2026-03-31T19:41:10.726Z] [INFO] [phase2/lab-orders] Complete: 562 total, 0 imported, 562 updated, 0 skipped, 0 errored
[2026-03-31T19:41:10.726Z] [INFO] [main] ═══ PHASE 2 COMPLETE ═══
[2026-03-31T19:41:10.727Z] [INFO] [main] ═══ PHASE 3: Config & Clinical Enrichment ═══
[2026-03-31T19:41:10.727Z] [INFO] [phase3/visit-types] Starting visit types import...
[2026-03-31T19:41:10.733Z] [INFO] [phase3/visit-types] Visit type "Follow-up Visit" already exists (id=85)
[2026-03-31T19:41:10.734Z] [INFO] [phase3/visit-types] Visit type "General" already exists (id=86)
[2026-03-31T19:41:10.735Z] [INFO] [phase3/visit-types] Visit type "Evaluation of Skin Lesion" already exists (id=87)
[2026-03-31T19:41:10.736Z] [INFO] [phase3/visit-types] Visit type "Acne Evaluation" already exists (id=88)
[2026-03-31T19:41:10.736Z] [INFO] [phase3/visit-types] Visit type "Rash" already exists (id=89)
[2026-03-31T19:41:10.737Z] [INFO] [phase3/visit-types] Visit type "Hair Loss (Alopecia)" already exists (id=90)
[2026-03-31T19:41:10.738Z] [INFO] [phase3/visit-types] Visit type "Warts (Verruca)" already exists (id=91)
[2026-03-31T19:41:10.738Z] [INFO] [phase3/visit-types] Visit type "Molluscum" already exists (id=92)
[2026-03-31T19:41:10.739Z] [INFO] [phase3/visit-types] Visit type "Skin Infection" already exists (id=93)
[2026-03-31T19:41:10.740Z] [INFO] [phase3/visit-types] Visit type "Cosmetic Treatment" already exists (id=94)
[2026-03-31T19:41:10.740Z] [INFO] [phase3/visit-types] Visit type "Skin Cancer Screening (Full Body Skin Exam)" already exists (id=95)
[2026-03-31T19:41:10.741Z] [INFO] [phase3/visit-types] Visit type "Discoloration (Vitiligo)" already exists (id=96)
[2026-03-31T19:41:10.741Z] [INFO] [phase3/visit-types] Visit type "Discoloration (Hyperigmentation / Melasma)" already exists (id=97)
[2026-03-31T19:41:10.742Z] [INFO] [phase3/visit-types] Visit type "Nail Disorder" already exists (id=98)
[2026-03-31T19:41:10.742Z] [INFO] [phase3/visit-types] Complete: 14 total, 0 imported, 14 updated, 0 skipped, 0 errored
[2026-03-31T19:41:10.742Z] [INFO] [phase3/global-questions] Starting global questions import...
[2026-03-31T19:41:10.746Z] [INFO] [phase3/global-questions] Question "What brings you in today?" already exists (id=52)
[2026-03-31T19:41:10.747Z] [INFO] [phase3/global-questions] Question "Do you have any other medical conditions (diabetes, psoriasis, etc.)?" already exists (id=53)
[2026-03-31T19:41:10.748Z] [INFO] [phase3/global-questions] Question "Are you currently taking any medications?" already exists (id=54)
[2026-03-31T19:41:10.748Z] [INFO] [phase3/global-questions] Question "Do you have any known allergies?" already exists (id=55)
[2026-03-31T19:41:10.749Z] [INFO] [phase3/global-questions] Question "Are you currently pregnant or breastfeeding?" already exists (id=56)
[2026-03-31T19:41:10.749Z] [INFO] [phase3/global-questions] Question "Do you have a history of skin cancer? If yes, what kind?" already exists (id=57)
[2026-03-31T19:41:10.751Z] [INFO] [phase3/global-questions] Question "Do you have a history of immunosuppression?" already exists (id=58)
[2026-03-31T19:41:10.752Z] [INFO] [phase3/global-questions] Question "Do you have a pacemaker?" already exists (id=59)
[2026-03-31T19:41:10.754Z] [INFO] [phase3/global-questions] Question "Do you have any joint replacements?" already exists (id=60)
[2026-03-31T19:41:10.754Z] [INFO] [phase3/global-questions] Complete: 9 total, 0 imported, 9 updated, 0 skipped, 0 errored
[2026-03-31T19:41:10.754Z] [INFO] [phase3/encounter-events] Starting encounter events import...
[2026-03-31T19:41:11.066Z] [INFO] [phase3/encounter-events] Parsed events: 0 encounters with vitals, 10759 with other events
[2026-03-31T19:41:28.268Z] [INFO] [phase3/encounter-events] Complete: 53796 total, 10759 imported, 0 updated, 0 skipped, 0 errored
[2026-03-31T19:41:28.268Z] [INFO] [phase3/encounter-diagnoses] Starting encounter-diagnoses link import...
[2026-03-31T19:41:28.323Z] [INFO] [phase3/encounter-diagnoses] Found 41697 encounter-diagnosis links
[2026-03-31T19:41:28.341Z] [INFO] [phase3/encounter-diagnoses] Grouped diagnoses for 10074 encounters (0 skipped)
[2026-03-31T19:41:43.570Z] [INFO] [phase3/encounter-diagnoses] Complete: 41697 total, 10074 imported, 0 updated, 0 skipped, 0 errored
[2026-03-31T19:41:43.570Z] [INFO] [phase3/encounter-addendums] Starting encounter addendums import...
[2026-03-31T19:41:43.571Z] [INFO] [phase3/encounter-addendums] Found 144 addendum records
[2026-03-31T19:41:43.571Z] [INFO] [phase3/encounter-addendums] Grouped addendums for 139 encounters
[2026-03-31T19:41:43.789Z] [INFO] [phase3/encounter-addendums] Complete: 144 total, 139 imported, 0 updated, 0 skipped, 0 errored
[2026-03-31T19:41:43.789Z] [INFO] [phase3/encounter-observations] Starting encounter observations import...
[2026-03-31T19:41:43.789Z] [INFO] [phase3/encounter-observations] Found 120 observation records
[2026-03-31T19:41:43.790Z] [INFO] [phase3/encounter-observations] Grouped observations for 40 encounters
[2026-03-31T19:41:43.853Z] [INFO] [phase3/encounter-observations] Complete: 120 total, 40 imported, 0 updated, 0 skipped, 0 errored
[2026-03-31T19:41:43.853Z] [INFO] [phase3/encounter-medications] Starting encounter-medications link import...
[2026-03-31T19:41:43.860Z] [INFO] [phase3/encounter-medications] Found 5746 encounter-medication links
[2026-03-31T19:41:43.864Z] [INFO] [phase3/encounter-medications] Grouped medications for 3440 encounters
[2026-03-31T19:41:49.092Z] [INFO] [phase3/encounter-medications] Complete: 5746 total, 3440 imported, 0 updated, 20 skipped, 0 errored
[2026-03-31T19:41:49.092Z] [INFO] [phase3/health-concerns] Starting health concerns import...
[2026-03-31T19:41:49.093Z] [INFO] [phase3/health-concerns] Found 24 health concern records
[2026-03-31T19:41:49.093Z] [INFO] [phase3/health-concerns] Grouped concerns for 24 patients
[2026-03-31T19:41:49.128Z] [INFO] [phase3/health-concerns] Complete: 24 total, 24 imported, 0 updated, 0 skipped, 0 errored
[2026-03-31T19:41:49.129Z] [INFO] [phase3/med-history] Starting medical history import...
[2026-03-31T19:41:49.129Z] [INFO] [phase3/med-history] Found 11 med history records
[2026-03-31T19:41:49.129Z] [INFO] [phase3/med-history] Grouped history for 7 patients
[2026-03-31T19:41:49.143Z] [INFO] [phase3/med-history] Complete: 11 total, 7 imported, 0 updated, 0 skipped, 0 errored
[2026-03-31T19:41:49.143Z] [INFO] [phase3/patient-conditions] Starting patient conditions import...
[2026-03-31T19:41:49.144Z] [INFO] [phase3/patient-conditions] Found 4 condition records
[2026-03-31T19:41:49.148Z] [INFO] [phase3/patient-conditions] Complete: 4 total, 0 imported, 0 updated, 4 skipped, 0 errored
[2026-03-31T19:41:49.149Z] [INFO] [phase3/pinned-notes] Starting pinned notes import...
[2026-03-31T19:41:49.149Z] [INFO] [phase3/pinned-notes] Found 6 pinned note records
[2026-03-31T19:41:49.149Z] [INFO] [phase3/pinned-notes] Grouped pinned notes for 6 patients
[2026-03-31T19:41:49.159Z] [INFO] [phase3/pinned-notes] Complete: 6 total, 6 imported, 0 updated, 0 skipped, 0 errored
[2026-03-31T19:41:49.159Z] [INFO] [phase3/lab-result-notes] Starting lab result notes import...
[2026-03-31T19:41:49.160Z] [INFO] [phase3/lab-result-notes] Found 557 lab result notes
[2026-03-31T19:41:49.186Z] [INFO] [phase3/lab-result-notes] Collected notes for 498 patients (557 result notes, 15941 observation notes)
[2026-03-31T19:41:49.506Z] [WARN] [phase3/lab-result-notes] 402 patients had result notes but no lab orders in SubQDocs
[2026-03-31T19:41:49.507Z] [INFO] [phase3/lab-result-notes] Complete: 498 total, 96 imported, 0 updated, 475 skipped, 0 errored
[2026-03-31T19:41:49.507Z] [INFO] [phase3/lab-order-diagnoses] Starting lab order item diagnoses import...
[2026-03-31T19:41:49.509Z] [INFO] [phase3/lab-order-diagnoses] Found 1949 lab order item diagnosis records
[2026-03-31T19:41:49.511Z] [INFO] [phase3/lab-order-diagnoses] Grouped diagnoses for 535 lab orders
[2026-03-31T19:41:50.087Z] [INFO] [phase3/lab-order-diagnoses] Complete: 1949 total, 535 imported, 0 updated, 0 skipped, 0 errored
[2026-03-31T19:41:50.087Z] [INFO] [main] ═══ PHASE 3 COMPLETE ═══
[2026-03-31T19:41:50.087Z] [INFO] [main] ╔══════════════════════════════════════════╗
[2026-03-31T19:41:50.087Z] [INFO] [main] ║  IMPORT COMPLETE                         ║
[2026-03-31T19:41:50.087Z] [INFO] [main] ╚══════════════════════════════════════════╝
